  cgsc.cpp
D:\CHS\misc_game-chs\星降る夜のファルネーゼ\Stuff\cmsc\cmsc\cgsc.cpp(211,6): error C2664: “char *strcat(char *,const char *)”: 无法将参数 1 从“WCHAR [260]”转换为“char *”
D:\CHS\misc_game-chs\星降る夜のファルネーゼ\Stuff\cmsc\cmsc\cgsc.cpp(318,3): error C2664: “int wsprintfW(LPWSTR,LPCWSTR,...)”: 无法将参数 1 从“char *”转换为“LPWSTR”
D:\CHS\misc_game-chs\星降る夜のファルネーゼ\Stuff\cmsc\cmsc\cgsc.cpp(320,3): error C2664: “int wsprintfW(LPWSTR,LPCWSTR,...)”: 无法将参数 1 从“char *”转换为“LPWSTR”
D:\CHS\misc_game-chs\星降る夜のファルネーゼ\Stuff\cmsc\cmsc\cgsc.cpp(316,3): warning C4996: 'ltoa': The POSIX name for this item is deprecated. Instead, use the ISO C and C++ conformant name: _ltoa. See online help for details.
D:\CHS\misc_game-chs\星降る夜のファルネーゼ\Stuff\cmsc\cmsc\cgsc.cpp(339,6): error C2664: “int wsprintfW(LPWSTR,LPCWSTR,...)”: 无法将参数 1 从“char *”转换为“LPWSTR”
D:\CHS\misc_game-chs\星降る夜のファルネーゼ\Stuff\cmsc\cmsc\cgsc.cpp(346,9): error C2664: “int wsprintfW(LPWSTR,LPCWSTR,...)”: 无法将参数 1 从“char *”转换为“LPWSTR”
D:\CHS\misc_game-chs\星降る夜のファルネーゼ\Stuff\cmsc\cmsc\cgsc.cpp(357,4): error C2664: “int wsprintfW(LPWSTR,LPCWSTR,...)”: 无法将参数 1 从“char [20]”转换为“LPWSTR”
D:\CHS\misc_game-chs\星降る夜のファルネーゼ\Stuff\cmsc\cmsc\cgsc.cpp(363,6): error C2664: “int wsprintfW(LPWSTR,LPCWSTR,...)”: 无法将参数 1 从“char [20]”转换为“LPWSTR”
D:\CHS\misc_game-chs\星降る夜のファルネーゼ\Stuff\cmsc\cmsc\cgsc.cpp(365,6): error C2664: “int wsprintfW(LPWSTR,LPCWSTR,...)”: 无法将参数 1 从“char [20]”转换为“LPWSTR”
D:\CHS\misc_game-chs\星降る夜のファルネーゼ\Stuff\cmsc\cmsc\cgsc.cpp(369,7): error C2664: “int wsprintfW(LPWSTR,LPCWSTR,...)”: 无法将参数 1 从“char [20]”转换为“LPWSTR”
D:\CHS\misc_game-chs\星降る夜のファルネーゼ\Stuff\cmsc\cmsc\cgsc.cpp(371,7): error C2664: “int wsprintfW(LPWSTR,LPCWSTR,...)”: 无法将参数 1 从“char [20]”转换为“LPWSTR”
D:\CHS\misc_game-chs\星降る夜のファルネーゼ\Stuff\cmsc\cmsc\cgsc.cpp(377,5): error C2664: “int wsprintfW(LPWSTR,LPCWSTR,...)”: 无法将参数 1 从“char [20]”转换为“LPWSTR”
D:\CHS\misc_game-chs\星降る夜のファルネーゼ\Stuff\cmsc\cmsc\cgsc.cpp(379,5): error C2664: “int wsprintfW(LPWSTR,LPCWSTR,...)”: 无法将参数 1 从“char [20]”转换为“LPWSTR”
D:\CHS\misc_game-chs\星降る夜のファルネーゼ\Stuff\cmsc\cmsc\cgsc.cpp(383,6): error C2664: “int wsprintfW(LPWSTR,LPCWSTR,...)”: 无法将参数 1 从“char [20]”转换为“LPWSTR”
D:\CHS\misc_game-chs\星降る夜のファルネーゼ\Stuff\cmsc\cmsc\cgsc.cpp(385,6): error C2664: “int wsprintfW(LPWSTR,LPCWSTR,...)”: 无法将参数 1 从“char [20]”转换为“LPWSTR”
D:\CHS\misc_game-chs\星降る夜のファルネーゼ\Stuff\cmsc\cmsc\cgsc.cpp(390,9): error C2664: “int wsprintfW(LPWSTR,LPCWSTR,...)”: 无法将参数 1 从“char *”转换为“LPWSTR”
D:\CHS\misc_game-chs\星降る夜のファルネーゼ\Stuff\cmsc\cmsc\cgsc.cpp(393,9): error C2664: “int wsprintfW(LPWSTR,LPCWSTR,...)”: 无法将参数 1 从“char *”转换为“LPWSTR”
D:\CHS\misc_game-chs\星降る夜のファルネーゼ\Stuff\cmsc\cmsc\cgsc.cpp(396,9): error C2664: “int wsprintfW(LPWSTR,LPCWSTR,...)”: 无法将参数 1 从“char *”转换为“LPWSTR”
D:\CHS\misc_game-chs\星降る夜のファルネーゼ\Stuff\cmsc\cmsc\cgsc.cpp(399,9): error C2664: “int wsprintfW(LPWSTR,LPCWSTR,...)”: 无法将参数 1 从“char *”转换为“LPWSTR”
D:\CHS\misc_game-chs\星降る夜のファルネーゼ\Stuff\cmsc\cmsc\cgsc.cpp(402,9): error C2664: “int wsprintfW(LPWSTR,LPCWSTR,...)”: 无法将参数 1 从“char *”转换为“LPWSTR”
D:\CHS\misc_game-chs\星降る夜のファルネーゼ\Stuff\cmsc\cmsc\cgsc.cpp(405,9): error C2664: “int wsprintfW(LPWSTR,LPCWSTR,...)”: 无法将参数 1 从“char *”转换为“LPWSTR”
D:\CHS\misc_game-chs\星降る夜のファルネーゼ\Stuff\cmsc\cmsc\cgsc.cpp(408,9): error C2664: “int wsprintfW(LPWSTR,LPCWSTR,...)”: 无法将参数 1 从“char *”转换为“LPWSTR”
D:\CHS\misc_game-chs\星降る夜のファルネーゼ\Stuff\cmsc\cmsc\cgsc.cpp(411,9): error C2664: “int wsprintfW(LPWSTR,LPCWSTR,...)”: 无法将参数 1 从“char *”转换为“LPWSTR”
D:\CHS\misc_game-chs\星降る夜のファルネーゼ\Stuff\cmsc\cmsc\cgsc.cpp(414,9): error C2664: “int wsprintfW(LPWSTR,LPCWSTR,...)”: 无法将参数 1 从“char *”转换为“LPWSTR”
D:\CHS\misc_game-chs\星降る夜のファルネーゼ\Stuff\cmsc\cmsc\cgsc.cpp(417,9): error C2664: “int wsprintfW(LPWSTR,LPCWSTR,...)”: 无法将参数 1 从“char *”转换为“LPWSTR”
D:\CHS\misc_game-chs\星降る夜のファルネーゼ\Stuff\cmsc\cmsc\cgsc.cpp(420,9): error C2664: “int wsprintfW(LPWSTR,LPCWSTR,...)”: 无法将参数 1 从“char *”转换为“LPWSTR”
D:\CHS\misc_game-chs\星降る夜のファルネーゼ\Stuff\cmsc\cmsc\cgsc.cpp(423,9): error C2664: “int wsprintfW(LPWSTR,LPCWSTR,...)”: 无法将参数 1 从“char *”转换为“LPWSTR”
D:\CHS\misc_game-chs\星降る夜のファルネーゼ\Stuff\cmsc\cmsc\cgsc.cpp(426,9): error C2664: “int wsprintfW(LPWSTR,LPCWSTR,...)”: 无法将参数 1 从“char *”转换为“LPWSTR”
D:\CHS\misc_game-chs\星降る夜のファルネーゼ\Stuff\cmsc\cmsc\cgsc.cpp(429,9): error C2664: “int wsprintfW(LPWSTR,LPCWSTR,...)”: 无法将参数 1 从“char *”转换为“LPWSTR”
D:\CHS\misc_game-chs\星降る夜のファルネーゼ\Stuff\cmsc\cmsc\cgsc.cpp(432,9): error C2664: “int wsprintfW(LPWSTR,LPCWSTR,...)”: 无法将参数 1 从“char *”转换为“LPWSTR”
D:\CHS\misc_game-chs\星降る夜のファルネーゼ\Stuff\cmsc\cmsc\cgsc.cpp(453,12): error C2664: “int wsprintfW(LPWSTR,LPCWSTR,...)”: 无法将参数 1 从“char *”转换为“LPWSTR”
D:\CHS\misc_game-chs\星降る夜のファルネーゼ\Stuff\cmsc\cmsc\cgsc.cpp(455,12): error C2664: “int wsprintfW(LPWSTR,LPCWSTR,...)”: 无法将参数 1 从“char *”转换为“LPWSTR”
D:\CHS\misc_game-chs\星降る夜のファルネーゼ\Stuff\cmsc\cmsc\cgsc.cpp(457,12): error C2664: “int wsprintfW(LPWSTR,LPCWSTR,...)”: 无法将参数 1 从“char *”转换为“LPWSTR”
D:\CHS\misc_game-chs\星降る夜のファルネーゼ\Stuff\cmsc\cmsc\cgsc.cpp(462,10): error C2664: “int wsprintfW(LPWSTR,LPCWSTR,...)”: 无法将参数 1 从“char *”转换为“LPWSTR”
D:\CHS\misc_game-chs\星降る夜のファルネーゼ\Stuff\cmsc\cmsc\cgsc.cpp(465,9): error C2664: “int wsprintfW(LPWSTR,LPCWSTR,...)”: 无法将参数 1 从“char *”转换为“LPWSTR”
D:\CHS\misc_game-chs\星降る夜のファルネーゼ\Stuff\cmsc\cmsc\cgsc.cpp(466,9): error C2664: “int wsprintfW(LPWSTR,LPCWSTR,...)”: 无法将参数 1 从“char *”转换为“LPWSTR”
D:\CHS\misc_game-chs\星降る夜のファルネーゼ\Stuff\cmsc\cmsc\cgsc.cpp(470,9): error C2664: “int wsprintfW(LPWSTR,LPCWSTR,...)”: 无法将参数 1 从“char *”转换为“LPWSTR”
D:\CHS\misc_game-chs\星降る夜のファルネーゼ\Stuff\cmsc\cmsc\cgsc.cpp(474,9): error C2664: “int wsprintfW(LPWSTR,LPCWSTR,...)”: 无法将参数 1 从“char *”转换为“LPWSTR”
D:\CHS\misc_game-chs\星降る夜のファルネーゼ\Stuff\cmsc\cmsc\cgsc.cpp(483,9): error C2664: “int wsprintfW(LPWSTR,LPCWSTR,...)”: 无法将参数 1 从“char *”转换为“LPWSTR”
D:\CHS\misc_game-chs\星降る夜のファルネーゼ\Stuff\cmsc\cmsc\cgsc.cpp(491,9): error C2664: “int wsprintfW(LPWSTR,LPCWSTR,...)”: 无法将参数 1 从“char *”转换为“LPWSTR”
D:\CHS\misc_game-chs\星降る夜のファルネーゼ\Stuff\cmsc\cmsc\cgsc.cpp(506,6): error C2664: “LPWSTR lstrcpyW(LPWSTR,LPCWSTR)”: 无法将参数 1 从“char [20]”转换为“LPWSTR”
D:\CHS\misc_game-chs\星降る夜のファルネーゼ\Stuff\cmsc\cmsc\cgsc.cpp(508,6): error C2664: “int wsprintfW(LPWSTR,LPCWSTR,...)”: 无法将参数 1 从“char [20]”转换为“LPWSTR”
D:\CHS\misc_game-chs\星降る夜のファルネーゼ\Stuff\cmsc\cmsc\cgsc.cpp(509,9): error C2664: “int wsprintfW(LPWSTR,LPCWSTR,...)”: 无法将参数 1 从“char *”转换为“LPWSTR”
D:\CHS\misc_game-chs\星降る夜のファルネーゼ\Stuff\cmsc\cmsc\cgsc.cpp(510,9): error C2664: “int wsprintfW(LPWSTR,LPCWSTR,...)”: 无法将参数 1 从“char *”转换为“LPWSTR”
D:\CHS\misc_game-chs\星降る夜のファルネーゼ\Stuff\cmsc\cmsc\cgsc.cpp(518,9): error C2664: “int wsprintfW(LPWSTR,LPCWSTR,...)”: 无法将参数 1 从“char *”转换为“LPWSTR”
D:\CHS\misc_game-chs\星降る夜のファルネーゼ\Stuff\cmsc\cmsc\cgsc.cpp(521,10): error C2664: “int wsprintfW(LPWSTR,LPCWSTR,...)”: 无法将参数 1 从“char *”转换为“LPWSTR”
D:\CHS\misc_game-chs\星降る夜のファルネーゼ\Stuff\cmsc\cmsc\cgsc.cpp(524,9): error C2664: “int wsprintfW(LPWSTR,LPCWSTR,...)”: 无法将参数 1 从“char *”转换为“LPWSTR”
D:\CHS\misc_game-chs\星降る夜のファルネーゼ\Stuff\cmsc\cmsc\cgsc.cpp(530,6): error C2664: “int wsprintfW(LPWSTR,LPCWSTR,...)”: 无法将参数 1 从“char *”转换为“LPWSTR”
D:\CHS\misc_game-chs\星降る夜のファルネーゼ\Stuff\cmsc\cmsc\cgsc.cpp(538,7): error C2664: “int wsprintfW(LPWSTR,LPCWSTR,...)”: 无法将参数 1 从“char *”转换为“LPWSTR”
D:\CHS\misc_game-chs\星降る夜のファルネーゼ\Stuff\cmsc\cmsc\cgsc.cpp(542,7): error C2664: “int wsprintfW(LPWSTR,LPCWSTR,...)”: 无法将参数 1 从“char *”转换为“LPWSTR”
D:\CHS\misc_game-chs\星降る夜のファルネーゼ\Stuff\cmsc\cmsc\cgsc.cpp(544,16): warning C4018: “<”: 有符号/无符号不匹配
D:\CHS\misc_game-chs\星降る夜のファルネーゼ\Stuff\cmsc\cmsc\cgsc.cpp(546,8): error C2664: “int wsprintfW(LPWSTR,LPCWSTR,...)”: 无法将参数 1 从“char *”转换为“LPWSTR”
D:\CHS\misc_game-chs\星降る夜のファルネーゼ\Stuff\cmsc\cmsc\cgsc.cpp(551,7): error C2664: “int wsprintfW(LPWSTR,LPCWSTR,...)”: 无法将参数 1 从“char *”转换为“LPWSTR”
